1002,Medicine,
1000,Anatomy,
1001,Anesthesiology,
